ï¿½ï¿½in the binaets Jul 29 2019 12:21:46

rst:0x1 (POWERON_RESET),boot:0x13 (SPI_FAST_FLASH_BOOT)
configsip: 0, SPIWP:0xee
clk_drv:0x00,q_drv:0x00,d_drv:0x00,cs0_drv:0x00,hd_drv:0x00,wp_drv:0x00
mode:DIO, clock div:2
load:0x3fff0030,len:7084
ho 0 tail 12 room 4
load:0x40078000,len:15584
load:0x40080400,len:4
load:0x40080404,len:3876
entry 0x4008064c
[0;32mI (31) boot: ESP-IDF v5.1.1-dirty 2nd stage bootloader[0m
[0;32mI (31) boot: compile time Nov  6 2023 17:46:16[0m
[0;32mI (31) boot: Multicore bootloader[0m
[0;32mI (36) boot: chip revision: v3.1[0m
[0;32mI (40) boot.esp32: SPI Speed      : 40MHz[0m
[0;32mI (44) boot.esp32: SPI Mode       : DIO[0m
[0;32mI (49) boot.esp32: SPI Flash Size : 2MB[0m
[0;32mI (53) boot: Enabling RNG early entropy source...[0m
[0;32mI (59) boot: Partition Table:[0m
[0;32mI (62) boot: ## Label            Usage          Type ST Offset   Length[0m
[0;32mI (70) boot:  0 nvs              WiFi data        01 02 00009000 00006000[0m
[0;32mI (77) boot:  1 phy_init         RF data          01 01 0000f000 00001000[0m
[0;32mI (85) boot:  2 factory          factory app      00 00 00010000 00100000[0m
[0;32mI (92) boot: End of partition table[0m
[0;32mI (96) esp_image: segment 0: paddr=00010020 vaddr=3f400020 size=0ac08h ( 44040) map[0m
[0;32mI (121) esp_image: segment 1: paddr=0001ac30 vaddr=3ffb0000 size=02188h (  8584) load[0m
[0;32mI (124) esp_image: segment 2: paddr=0001cdc0 vaddr=40080000 size=03258h ( 12888) load[0m
[0;32mI (132) esp_image: segment 3: paddr=00020020 vaddr=400d0020 size=16150h ( 90448) map[0m
[0;32mI (168) esp_image: segment 4: paddr=00036178 vaddr=40083258 size=0a320h ( 41760) load[0m
[0;32mI (192) boot: Loaded app from partition at offset 0x10000[0m
[0;32mI (192) boot: Disabling RNG early entropy source...[0m
[0;32mI (203) cpu_start: Multicore app[0m
[0;32mI (204) cpu_start: Pro cpu up.[0m
[0;32mI (204) cpu_start: Starting app cpu, entry point is 0x400811fc[0m
[0;32mI (0) cpu_start: App cpu up.[0m
[0;32mI (222) cpu_start: Pro cpu start user code[0m
[0;32mI (222) cpu_start: cpu freq: 160000000 Hz[0m
[0;32mI (222) cpu_start: Application information:[0m
[0;32mI (227) cpu_start: Project name:     main[0m
[0;32mI (231) cpu_start: App version:      v5.1.1-dirty[0m
[0;32mI (237) cpu_start: Compile time:     Nov  6 2023 17:46:07[0m
[0;32mI (243) cpu_start: ELF file SHA256:  7346e0dcdc19dd39...[0m
[0;32mI (249) cpu_start: ESP-IDF:          v5.1.1-dirty[0m
[0;32mI (254) cpu_start: Min chip rev:     v0.0[0m
[0;32mI (259) cpu_start: Max chip rev:     v3.99 [0m
[0;32mI (264) cpu_start: Chip rev:         v3.1[0m
[0;32mI (269) heap_init: Initializing. RAM available for dynamic allocation:[0m
[0;32mI (276) heap_init: At 3FFAE6E0 len 00001920 (6 KiB): DRAM[0m
[0;32mI (282) heap_init: At 3FFB2A00 len 0002D600 (181 KiB): DRAM[0m
[0;32mI (288) heap_init: At 3FFE0440 len 00003AE0 (14 KiB): D/IRAM[0m
[0;32mI (294) heap_init: At 3FFE4350 len 0001BCB0 (111 KiB): D/IRAM[0m
[0;32mI (301) heap_init: At 4008D578 len 00012A88 (74 KiB): IRAM[0m
[0;32mI (308) spi_flash: detected chip: generic[0m
[0;32mI (312) spi_flash: flash io: dio[0m
[0;33mW (315) spi_flash: Detected size(4096k) larger than the size in the binary image header(2048k). Using the size in the binary image header.[0m
[0;32mI (329) app_start: Starting scheduler on CPU0[0m
[0;32mI (334) app_start: Starting scheduler on CPU1[0m
[0;32mI (334) main_task: Started on CPU0[0m
[0;32mI (344) main_task: Calling app_main()[0m
[0;32mI (484) main_task: Returned from app_main()[0m
[0;32mI (1984) i2c-lcd1602: Button pressed[0m
[0;32mI (2094) i2c-lcd1602: Button not pressed[0m
[0;32mI (2214) i2c-lcd1602: Button pressed[0m
[0;32mI (2324) i2c-lcd1602: Button not pressed[0m
[0;32mI (2444) i2c-lcd1602: Button pressed[0m
[0;32mI (2554) i2c-lcd1602: Button not pressed[0m
[0;32mI (2674) i2c-lcd1602: Button pressed[0m
[0;32mI (2784) i2c-lcd1602: Button not pressed[0m
[0;32mI (2904) i2c-lcd1602: Button pressed[0m
[0;32mI (3014) i2c-lcd1602: Button not pressed[0m
[0;32mI (3134) i2c-lcd1602: Button pressed[0m
[0;32mI (3244) i2c-lcd1602: Button not pressed[0m
[0;32mI (3864) i2c-lcd1602: Button pressed[0m
[0;32mI (3974) i2c-lcd1602: Button not pressed[0m
[0;32mI (4394) i2c-lcd1602: Button pressed[0m
[0;32mI (4504) i2c-lcd1602: Button not pressed[0m
[0;32mI (4724) i2c-lcd1602: Button pressed[0m
[0;32mI (4834) i2c-lcd1602: Button not pressed[0m
[0;32mI (4954) i2c-lcd1602: Button pressed[0m
[0;32mI (5064) i2c-lcd1602: Button not pressed[0m
[0;32mI (9484) i2c-lcd1602: Button pressed[0m
[0;32mI (9594) i2c-lcd1602: Button not pressed[0m
[0;32mI (9714) i2c-lcd1602: Button pressed[0m
[0;32mI (9824) i2c-lcd1602: Button not pressed[0m
